create schema test_expand;
create table test_expand.data(pk_data bigint, family_group bigint, first_name text, constraint idx_test_expand_data_pkey primary key (pk_data));
create table test_expand.var(pk_var bigint, pets text, constraint idx_test_expand_var_pkey primary key (pk_var));
insert into test_expand.data(pk_data, family_group, first_name) values(1,1,'mark'); insert into test_expand.data(pk_data, family_group, first_name) values(2,1,'eric'); insert into test_expand.data(pk_data, family_group, first_name) values(3,NULL,'terry');
insert into test_expand.var(pk_var, pets) values(1,'dogs'); insert into test_expand.var(pk_var, pets) values(2,'cats'); insert into test_expand.var(pk_var, pets) values(3,'minions');
CREATE INDEX es_test_expand_var ON test_expand.var USING zombodb (zdb('test_expand.var'::regclass, ctid), zdb(var.*))
WITH (url='http://localhost:9200/', preference=_primary, shards='3', replicas='0');
CREATE INDEX es_test_expand_data ON test_expand.data USING zombodb (zdb('test_expand.data'::regclass, ctid), zdb(data.*))
WITH (url='http://localhost:9200/',options='pk_data = <var.es_test_expand_var>pk_var', preference=_primary, shards='3', replicas='0');
CREATE OR REPLACE VIEW test_expand.consolidated_record_view AS  SELECT data.pk_data
                                                                  ,data.family_group
                                                                  ,data.first_name
                                                                  ,var.pets
                                                                  ,zdb('test_expand.data'::regclass, data.ctid) AS zdb
                                                                FROM test_expand.data
                                                                  LEFT JOIN test_expand.var ON data.pk_data = var.pk_var;
SELECT * FROM test_expand.consolidated_record_view;
 pk_data | family_group | first_name |  pets   |  zdb  
---------+--------------+------------+---------+-------
       1 |            1 | mark       | dogs    | (0,1)
       2 |            1 | eric       | cats    | (0,2)
       3 |              | terry      | minions | (0,3)
(3 rows)

SELECT * FROM test_expand.consolidated_record_view where zdb==>'( (#expand<family_group=<this.index>family_group>( ( first_name = "MARK" ) AND )) )';
 pk_data | family_group | first_name | pets |  zdb  
---------+--------------+------------+------+-------
       1 |            1 | mark       | dogs | (0,1)
       2 |            1 | eric       | cats | (0,2)
(2 rows)

SELECT upper(term) term, count FROM zdb_tally('test_expand.consolidated_record_view', 'pets', '0', '^.*', '( (#expand<family_group=<this.index>family_group>( ( first_name = "MARK" ) AND )) )', 2147483647, 'term'::zdb_tally_order);
 term | count 
------+-------
 CATS |     1
 DOGS |     1
(2 rows)

DROP SCHEMA test_expand CASCADE;
NOTICE:  drop cascades to 3 other objects
DETAIL:  drop cascades to table test_expand.data
drop cascades to table test_expand.var
drop cascades to view test_expand.consolidated_record_view
