SELECT zdb_estimate_count('so_posts', '({"term": {"body": "java"}})');
 zdb_estimate_count 
--------------------
              13310
(1 row)

