select count(*) from so_posts where zdb('so_posts', ctid) ==> '#limit(id asc, 0, 10) java and title:*';
 count 
-------
    10
(1 row)

select count(*) from so_posts where zdb('so_posts', ctid) ==> '#limit(_score desc, 0, 10) beer and title:*';
 count 
-------
    10
(1 row)

select id from so_posts where zdb('so_posts', ctid) ==> '#limit(id asc, 0, 10) java and title:*' order by 1 asc;
  id  
------
   16
  262
  368
  370
  663
  667
  812
 1189
 1257
 1674
(10 rows)

select id from so_posts where zdb('so_posts', ctid) ==> '#limit(id asc, 10, 10) java and title:*' order by 1 asc;
  id  
------
 1719
 1750
 3131
 3519
 3645
 4296
 4546
 4550
 4662
 4714
(10 rows)

