SELECT * FROM zdb_range_agg('so_posts', 'closed_date', '[ {"from":"2010-12-01 00:00:00-04"}, {"key":"foo", "from":"2010-01-01 00:00:00-04", "to":"2012-12-31 00:00:00-04"}, {"to":"2010-12-14 00:00:00-04"} ]', '') ORDER BY doc_count DESC;
                  key                  |      low      |     high      | doc_count 
---------------------------------------+---------------+---------------+-----------
 2010-12-01 04:00:00.0000000000+0000-* | 1291176000000 |               |      8862
 foo                                   | 1262318400000 | 1356926400000 |      2504
 *-2010-12-14 04:00:00.0000000000+0000 |               | 1292299200000 |        14
(3 rows)

