SELECT * FROM zdb_tally('so_posts', 'owner_display_name', '^.*', '', 10, 'count');
   term    | count  
-----------+--------
           | 154132
 user1249  |    598
 user2567  |    513
 user8685  |    254
 user4051  |    153
 user8     |     84
 user29981 |     79
 user39685 |     68
 user23157 |     50
 sergio    |     48
 user29079 |     47
(11 rows)

