SELECT DISTINCT "fieldName"
FROM zdb_highlight('so_posts', '#bool(#must(title:java javascript))',
                   $$ zdb('so_posts', ctid)==>'#bool(#must(java javascript))' $$) ORDER BY 1;
 fieldName 
-----------
 body
 tags
 title
(3 rows)

