select id from so_users where zdb('so_users', ctid) ==> '#subselect<id=<this.index>id>(id:[1,2,3,4,5,6,7,8,9,10])' order by id;
 id 
----
  2
  3
  4
  5
  6
  7
  9
(7 rows)

select id from so_users where zdb('so_users', ctid) ==> '#subselect<id=<so_posts.idxso_posts>id>(id:[1,2,3,4,5,6,7,8,9,10])' order by id;
 id 
----
  3
  4
  7
  9
(4 rows)

