SELECT assert(count(*), 35256, 'syntax-numeric_field_lt') FROM so_posts WHERE zdb('so_posts', ctid) ==> 'answer_count<20';
 assert 
--------
 t
(1 row)

