SELECT assert(count(*), 183, 'syntax-field_term') FROM so_posts WHERE zdb('so_posts', ctid) ==> 'title:manage';
 assert 
--------
 t
(1 row)

